Detecting compiler hash for triplet x64-windows...
Compiler found: C:/Program Files/Microsoft Visual Studio/2022/Community/VC/Tools/MSVC/14.44.35207/bin/Hostx64/x64/cl.exe
Detecting compiler hash for triplet x86-windows...
Compiler found: C:/Program Files/Microsoft Visual Studio/2022/Community/VC/Tools/MSVC/14.44.35207/bin/Hostx64/x86/cl.exe
The following packages are already installed:
    asio:x86-windows@1.32.0
    nlohmann-json:x86-windows@3.12.0#2
    openssl:x86-windows@3.6.4
  * vcpkg-cmake:x64-windows@2025-08-07
  * vcpkg-cmake-config:x64-windows@2026-07-21
  * vcpkg-cmake-get-vars:x64-windows@2025-05-29
    zlib:x86-windows@1.3.2#2
asio provides CMake targets:

  # this is heuristically generated, and may not be correct
  find_package(asio CONFIG REQUIRED)
  target_link_libraries(main PRIVATE asio::asio)

asio provides pkg-config modules:

  # A cross-platform C++ library for network and low-level I/O programming that provides developers with a consistent asynchronous model using a modern C++ approach.
  asio

The package nlohmann-json provides CMake targets:

    find_package(nlohmann_json CONFIG REQUIRED)
    target_link_libraries(main PRIVATE nlohmann_json::nlohmann_json)

The package nlohmann-json can be configured to not provide implicit conversions via a custom triplet file:

    set(nlohmann-json_IMPLICIT_CONVERSIONS OFF)

For more information, see the docs here:
    
    https://json.nlohmann.me/api/macros/json_use_implicit_conversions/

openssl is compatible with built-in CMake targets:

  find_package(OpenSSL REQUIRED)
  target_link_libraries(main PRIVATE OpenSSL::SSL)
  target_link_libraries(main PRIVATE OpenSSL::Crypto)

zlib is compatible with built-in CMake targets:

  find_package(ZLIB REQUIRED)
  target_link_libraries(main PRIVATE ZLIB::ZLIB)

zlib provides pkg-config modules:

  # zlib compression library
  zlib

All requested installations completed successfully in: 691 us
